
Memory Configuration

Name             Origin             Length             Attributes
*default*        0x00000000         0xffffffff

Linker script and memory map

                0x00000000                . = 0x0
                0x00000000                . = ALIGN (0x4)

.text           0x00000000      0xaf4
 start.o(.text)
 .text          0x00000000       0xb0 start.o
                0x00000000                _start
                0x00000040                _end_vect
                0x00000048                _armboot_start
                0x0000004c                _bss_start
                0x00000050                _bss_end
 cpu_init.o(.text)
 .text          0x000000b0      0x124 cpu_init.o
                0x000000b0                mem_ctrl_asm_init
 nand_boot.o(.text)
 .text          0x000001d4      0x354 nand_boot.o
                0x00000490                nand_boot
 *(.text)
 .text          0x00000528      0x1b8 lowlevel_init.o
                0x0000052c                lowlevel_init
 .text          0x000006e0      0x120 nand_ecc.o
                0x000006e0                nand_correct_data
 .text          0x00000800      0x2f4 s3c64xx.o
                0x00000a04                board_nand_init

.glue_7         0x00000af4        0x0
 .glue_7        0x00000000        0x0 linker stubs

.glue_7t        0x00000af4        0x0
 .glue_7t       0x00000000        0x0 linker stubs

.vfp11_veneer   0x00000af4        0x0
 .vfp11_veneer  0x00000000        0x0 linker stubs

.v4_bx          0x00000af4        0x0
 .v4_bx         0x00000000        0x0 linker stubs
                0x00000af4                . = ALIGN (0x4)

.rodata
 *(SORT(.rodata*))
                0x00000af4                . = ALIGN (0x4)

.data           0x00000af4        0x8
 *(.data)
 .data          0x00000af4        0x0 start.o
 .data          0x00000af4        0x0 cpu_init.o
 .data          0x00000af4        0x0 nand_boot.o
 .data          0x00000af4        0x0 lowlevel_init.o
 .data          0x00000af4        0x0 nand_ecc.o
 .data          0x00000af4        0x8 s3c64xx.o
                0x00000afc                . = ALIGN (0x4)

.got
 *(.got)
                0x00000afc                __u_boot_cmd_start = .

.u_boot_cmd
 *(.u_boot_cmd)
                0x00000afc                __u_boot_cmd_end = .
                0x00000afc                . = ALIGN (0x4)
                0x00000afc                __bss_start = .

.bss            0x00000afc        0x4
 *(.bss)
 .bss           0x00000afc        0x0 start.o
 .bss           0x00000afc        0x0 cpu_init.o
 .bss           0x00000afc        0x0 nand_boot.o
 .bss           0x00000afc        0x0 lowlevel_init.o
 .bss           0x00000afc        0x0 nand_ecc.o
 .bss           0x00000afc        0x4 s3c64xx.o
                0x00000b00                . = ALIGN (0x4)
                0x00000b00                _end = .
Address of section .text set to 0x0
LOAD start.o
LOAD cpu_init.o
LOAD lowlevel_init.o
LOAD nand_boot.o
LOAD nand_ecc.o
LOAD s3c64xx.o
OUTPUT(/opt/share/boot-2010.03/u-boot-2010.03/nand_spl/u-boot-spl elf32-littlearm)

.ARM.attributes
                0x00000000       0x28
 .ARM.attributes
                0x00000000       0x1c start.o
 .ARM.attributes
                0x0000001c       0x1c cpu_init.o
 .ARM.attributes
                0x00000038       0x2a nand_boot.o
 .ARM.attributes
                0x00000062       0x1c lowlevel_init.o
 .ARM.attributes
                0x0000007e       0x2a nand_ecc.o
 .ARM.attributes
                0x000000a8       0x2a s3c64xx.o

.comment        0x00000000       0x1b
 .comment       0x00000000       0x1b nand_boot.o
                                 0x1c (size before relaxing)
 .comment       0x00000000       0x1c nand_ecc.o
 .comment       0x00000000       0x1c s3c64xx.o

.note.GNU-stack
                0x00000000        0x0
 .note.GNU-stack
                0x00000000        0x0 nand_boot.o
 .note.GNU-stack
                0x00000000        0x0 nand_ecc.o
 .note.GNU-stack
                0x00000000        0x0 s3c64xx.o

.debug_line     0x00000000      0x724
 .debug_line    0x00000000       0x54 start.o
 .debug_line    0x00000054       0x7c cpu_init.o
 .debug_line    0x000000d0      0x213 nand_boot.o
 .debug_line    0x000002e3       0xa6 lowlevel_init.o
 .debug_line    0x00000389      0x14f nand_ecc.o
 .debug_line    0x000004d8      0x24c s3c64xx.o

.debug_info     0x00000000     0x315c
 .debug_info    0x00000000       0x77 start.o
 .debug_info    0x00000077       0x7a cpu_init.o
 .debug_info    0x000000f1     0x13a0 nand_boot.o
 .debug_info    0x00001491       0x7f lowlevel_init.o
 .debug_info    0x00001510      0x901 nand_ecc.o
 .debug_info    0x00001e11     0x134b s3c64xx.o

.debug_abbrev   0x00000000      0x636
 .debug_abbrev  0x00000000       0x14 start.o
 .debug_abbrev  0x00000014       0x14 cpu_init.o
 .debug_abbrev  0x00000028      0x25f nand_boot.o
 .debug_abbrev  0x00000287       0x14 lowlevel_init.o
 .debug_abbrev  0x0000029b      0x19a nand_ecc.o
 .debug_abbrev  0x00000435      0x201 s3c64xx.o

.debug_aranges  0x00000000       0xc0
 .debug_aranges
                0x00000000       0x20 start.o
 .debug_aranges
                0x00000020       0x20 cpu_init.o
 .debug_aranges
                0x00000040       0x20 nand_boot.o
 .debug_aranges
                0x00000060       0x20 lowlevel_init.o
 .debug_aranges
                0x00000080       0x20 nand_ecc.o
 .debug_aranges
                0x000000a0       0x20 s3c64xx.o

.debug_loc      0x00000000      0x968
 .debug_loc     0x00000000      0x466 nand_boot.o
 .debug_loc     0x00000466      0x162 nand_ecc.o
 .debug_loc     0x000005c8      0x3a0 s3c64xx.o

.debug_pubnames
                0x00000000       0x6e
 .debug_pubnames
                0x00000000       0x20 nand_boot.o
 .debug_pubnames
                0x00000020       0x28 nand_ecc.o
 .debug_pubnames
                0x00000048       0x26 s3c64xx.o

.debug_pubtypes
                0x00000000      0x55e
 .debug_pubtypes
                0x00000000      0x203 nand_boot.o
 .debug_pubtypes
                0x00000203      0x16d nand_ecc.o
 .debug_pubtypes
                0x00000370      0x1ee s3c64xx.o

.debug_ranges   0x00000000       0x90
 .debug_ranges  0x00000000       0x90 nand_boot.o

.debug_str      0x00000000      0x8a6
 .debug_str     0x00000000      0x72d nand_boot.o
                                0x840 (size before relaxing)
 .debug_str     0x0000072d       0x37 nand_ecc.o
                                0x4b7 (size before relaxing)
 .debug_str     0x00000764      0x142 s3c64xx.o
                                0x8c9 (size before relaxing)

.debug_frame    0x00000000      0x16c
 .debug_frame   0x00000000       0x7c nand_boot.o
 .debug_frame   0x0000007c       0x2c nand_ecc.o
 .debug_frame   0x000000a8       0xc4 s3c64xx.o
